
> logistics@0.1.0 build
> next build

node.exe : ΓÜá Warning: Next.js inferred your 
workspace root, but it may not be correct.
At C:\Program Files\nodejs\npm.ps1:29 char:3
+   & $NODE_EXE $NPM_CLI_JS $args
+   ~~~~~~~~~~~~~~~~~~~~~~~~~~~~~
    + CategoryInfo          : NotSpecified: (ΓÜá 
    Warning: Ne...not be correct.:String) [], R  
  emoteException
    + FullyQualifiedErrorId : NativeCommandError
 
 We detected multiple lockfiles and selected the 
directory of C:\Users\91709\package-lock.json as 
the root directory.
 To silence this warning, set `turbopack.root` 
in your Next.js config, or consider removing one 
of the lockfiles if it's not needed.
   See https://nextjs.org/docs/app/api-reference/
config/next-config-js/turbopack#root-directory 
for more information.
 Detected additional lockfiles: 
   * C:\Users\91709\OneDrive\Documents\logistics\
frontend\package-lock.json

Γû▓ Next.js 16.1.4 (Turbopack)
- Environments: .env.local
- Experiments (use with caution):
  ┬╖ optimizePackageImports

  Creating an optimized production build ...
Γ£ô Compiled successfully in 10.8s
  Running TypeScript ...
Failed to compile.

./src/components/layout/Navbar.tsx:52:30
Type error: Cannot find name 'Ship'.

[0m [90m 50 |[39m                     
[33m<[39m[33mLink[39m 
href[33m=[39m[32m"/"[39m 
className[33m=[39m[32m"flex items-center 
gap-3 group"[39m[33m>[39m
 [90m 51 |[39m                         
[33m<[39m[33mdiv[39m 
className[33m=[39m[32m"w-8 h-8 bg-white flex 
items-center justify-center rounded-none 
group-hover:rotate-12 transition-transform 
duration-500"[39m[33m>[39m
[31m[1m>[22m[39m[90m 52 |[39m              
               [33m<[39m[33mShip[39m 
className[33m=[39m[32m"h-5 w-5 
text-black"[39m [33m/[39m[33m>[39m
 [90m    |[39m                              
[31m[1m^[22m[39m
 [90m 53 |[39m                         
[33m<[39m[33m/[39m[33mdiv[39m[33m>[39m
 [90m 54 |[39m                         
[33m<[39m[33mdiv[39m 
className[33m=[39m[32m"flex 
flex-col"[39m[33m>[39m
 [90m 55 |[39m                             
[33m<[39m[33mh1[39m 
className[33m=[39m[32m"text-xl font-black 
text-white italic tracking-tighter 
leading-none"[39m[33m>[39m[0m
Next.js build worker exited with code: 1 and 
signal: null
